Resolving events …
Target: 132 event(s): ['GW230529_181500-v1', 'GW230529_181500-v2', 'GW230531_141100-v1', 'GW230601_224134-v1', 'GW230603_174756-v1', 'GW230605_065343-v1', 'GW230606_004305-v1', 'GW230606_024545-v1', 'GW230608_205047-v1', 'GW230609_010824-v1', 'GW230609_064958-v1', 'GW230615_160825-v1', 'GW230618_102550-v1', 'GW230624_113103-v1', 'GW230624_214944-v1', 'GW230625_211655-v1', 'GW230627_015337-v1', 'GW230628_231200-v1', 'GW230630_070659-v1', 'GW230630_125806-v1', 'GW230630_234532-v1', 'GW230702_162025-v1', 'GW230702_185453-v1', 'GW230704_021211-v1', 'GW230704_212616-v1', 'GW230706_104333-v1', 'GW230707_124047-v1', 'GW230708_053705-v1', 'GW230708_071859-v1', 'GW230708_230935-v1', 'GW230709_063445-v1', 'GW230709_122727-v1', 'GW230712_090405-v1', 'GW230717_102139-v1', 'GW230721_222634-v1', 'GW230723_084820-v1', 'GW230723_101834-v1', 'GW230728_083628-v1', 'GW230729_082317-v1', 'GW230731_215307-v1', 'GW230803_033412-v1', 'GW230805_034249-v1', 'GW230806_204041-v1', 'GW230807_205045-v1', 'GW230811_032116-v1', 'GW230814_061920-v1', 'GW230814_230901-v1', 'GW230814_230901-v2', 'GW230817_212349-v1', 'GW230819_171910-v1', 'GW230820_212515-v1', 'GW230822_230337-v1', 'GW230823_142524-v1', 'GW230824_033047-v1', 'GW230824_135331-v1', 'GW230825_041334-v1', 'GW230830_064744-v1', 'GW230831_015414-v1', 'GW230831_134621-v1', 'GW230902_122814-v1', 'GW230902_172430-v1', 'GW230902_224555-v1', 'GW230904_051013-v1', 'GW230904_152545-v1', 'GW230911_195324-v1', 'GW230914_111401-v1', 'GW230919_215712-v1', 'GW230920_064709-v1', 'GW230920_071124-v1', 'GW230922_020344-v1', 'GW230922_040658-v1', 'GW230924_124453-v1', 'GW230925_143957-v1', 'GW230927_043729-v1', 'GW230927_153832-v1', 'GW230928_215827-v1', 'GW230930_110730-v1', 'GW231001_140220-v1', 'GW231002_143916-v1', 'GW231004_232346-v1', 'GW231005_021030-v1', 'GW231005_091549-v1', 'GW231005_144455-v1', 'GW231008_142521-v1', 'GW231013_135504-v1', 'GW231014_040532-v1', 'GW231018_233037-v1', 'GW231020_142947-v1', 'GW231026_130704-v1', 'GW231028_153006-v1', 'GW231029_111508-v1', 'GW231102_052214-v1', 'GW231102_071736-v1', 'GW231102_232433-v1', 'GW231104_133418-v1', 'GW231108_125142-v1', 'GW231110_040320-v1', 'GW231113_122623-v1', 'GW231113_150041-v1', 'GW231113_200417-v1', 'GW231114_043211-v1', 'GW231118_005626-v1', 'GW231118_071402-v1', 'GW231118_090602-v1', 'GW231119_075248-v1', 'GW231120_022103-v1', 'GW231123_135430-v1', 'GW231123_135430-v2', 'GW231126_010928-v1', 'GW231127_165300-v1', 'GW231129_081745-v1', 'GW231204_090648-v1', 'GW231206_010629-v1', 'GW231206_233134-v1', 'GW231206_233901-v1', 'GW231213_111417-v1', 'GW231221_135041-v1', 'GW231223_032836-v1', 'GW231223_075055-v1', 'GW231223_202619-v1', 'GW231224_024321-v1', 'GW231226_101520-v1', 'GW231230_170116-v1', 'GW231231_120147-v1', 'GW231231_154016-v1', 'GW240104_164932-v1', 'GW240105_151143-v1', 'GW240107_013215-v1', 'GW240109_050431-v1', 'GW241011_233834-v1', 'GW241110_124123-v1', 'GW250114_082203-v1']

[GW230529_181500-v1]  GPS=1369419318.7
  Skipping – H1 or L1 not available on GWOSC
[GW230529_181500-v2]  GPS=1369419318.7
  Skipping – H1 or L1 not available on GWOSC
[GW230531_141100-v1]  GPS=1369577478.3
  Skipping – H1 or L1 not available on GWOSC
[GW230601_224134-v1]  GPS=1369694512.1
[GW230603_174756-v1]  GPS=1369849694.9
[GW230605_065343-v1]  GPS=1369983241.5
[GW230606_004305-v1]  GPS=1370047403.8
[GW230606_024545-v1]  GPS=1370054763.5
[GW230608_205047-v1]  GPS=1370292665.2
/usr/local/lib64/python3.11/site-packages/pycbc/types/array.py:383: RuntimeWarning: invalid value encountered in divide
  return self._data / other
[GW230609_010824-v1]  GPS=1370308122.4
[GW230609_064958-v1]  GPS=1370328616.3
[GW230615_160825-v1]  GPS=1370880524.0
[GW230618_102550-v1]  GPS=1371119168.0
[GW230624_113103-v1]  GPS=1371641481.7
[GW230624_214944-v1]  GPS=1371678602.5
[GW230625_211655-v1]  GPS=1371763033.0
[GW230627_015337-v1]  GPS=1371866035.8
[GW230628_231200-v1]  GPS=1372029138.4
[GW230630_070659-v1]  GPS=1372144037.0
[GW230630_125806-v1]  GPS=1372165104.9
[GW230630_234532-v1]  GPS=1372203950.4
[GW230702_162025-v1]  GPS=1372350043.9
[GW230702_185453-v1]  GPS=1372359311.7
[GW230704_021211-v1]  GPS=1372471949.2
  Skipping – H1 or L1 not available on GWOSC
[GW230704_212616-v1]  GPS=1372541194.7
[GW230706_104333-v1]  GPS=1372675431.2
[GW230707_124047-v1]  GPS=1372768865.3
[GW230708_053705-v1]  GPS=1372829843.1
[GW230708_071859-v1]  GPS=1372835957.4
[GW230708_230935-v1]  GPS=1372892993.5
[GW230709_063445-v1]  GPS=1372919703.1
[GW230709_122727-v1]  GPS=1372940865.2
[GW230712_090405-v1]  GPS=1373187863.9
  Skipping – H1 or L1 not available on GWOSC
[GW230717_102139-v1]  GPS=1373624517.1
[GW230721_222634-v1]  GPS=1374013612.8
[GW230723_084820-v1]  GPS=1374137318.4
[GW230723_101834-v1]  GPS=1374142732.4
[GW230728_083628-v1]  GPS=1374568606.9
[GW230729_082317-v1]  GPS=1374654215.2
[GW230731_215307-v1]  GPS=1374875605.9
[GW230803_033412-v1]  GPS=1375068870.4
[GW230805_034249-v1]  GPS=1375242188.0
[GW230806_204041-v1]  GPS=1375389659.9
[GW230807_205045-v1]  GPS=1375476663.4
[GW230811_032116-v1]  GPS=1375759294.3
[GW230814_061920-v1]  GPS=1376029178.5
[GW230814_230901-v1]  GPS=1376089759.8
[GW230814_230901-v2]  GPS=1376089759.8
[GW230817_212349-v1]  GPS=1376342647.1
[GW230819_171910-v1]  GPS=1376500768.4
[GW230820_212515-v1]  GPS=1376601934.0
[GW230822_230337-v1]  GPS=1376780635.5
  Failed: The read operation timed out
[GW230823_142524-v1]  GPS=1376835942.6
[GW230824_033047-v1]  GPS=1376883065.7
[GW230824_135331-v1]  GPS=1376920429.9
[GW230825_041334-v1]  GPS=1376972032.5
[GW230830_064744-v1]  GPS=1377413282.2
[GW230831_015414-v1]  GPS=1377482072.1
[GW230831_134621-v1]  GPS=1377524799.7
[GW230902_122814-v1]  GPS=1377692912.9
[GW230902_172430-v1]  GPS=1377710688.8
[GW230902_224555-v1]  GPS=1377729973.7
[GW230904_051013-v1]  GPS=1377839431.1
[GW230904_152545-v1]  GPS=1377876363.2
[GW230911_195324-v1]  GPS=1378497222.2
[GW230914_111401-v1]  GPS=1378725259.7
  Skipping – H1 or L1 not available on GWOSC
[GW230919_215712-v1]  GPS=1379195850.0
[GW230920_064709-v1]  GPS=1379227647.3
[GW230920_071124-v1]  GPS=1379229102.7
[GW230922_020344-v1]  GPS=1379383442.9
[GW230922_040658-v1]  GPS=1379390836.1
[GW230924_124453-v1]  GPS=1379594711.8
[GW230925_143957-v1]  GPS=1379688015.5
[GW230927_043729-v1]  GPS=1379824667.1
[GW230927_153832-v1]  GPS=1379864330.9
  Skipping – H1 or L1 not available on GWOSC
[GW230928_215827-v1]  GPS=1379973525.1
[GW230930_110730-v1]  GPS=1380107268.4
[GW231001_140220-v1]  GPS=1380204158.7
[GW231002_143916-v1]  GPS=1380292774.7
[GW231004_232346-v1]  GPS=1380497044.3
[GW231005_021030-v1]  GPS=1380507049.0
[GW231005_091549-v1]  GPS=1380532567.5
[GW231005_144455-v1]  GPS=1380552313.4
[GW231008_142521-v1]  GPS=1380810339.8
[GW231013_135504-v1]  GPS=1381240522.4
[GW231014_040532-v1]  GPS=1381291551.0
[GW231018_233037-v1]  GPS=1381707055.0
[GW231020_142947-v1]  GPS=1381847405.6
[GW231026_130704-v1]  GPS=1382360842.2
[GW231028_153006-v1]  GPS=1382542224.3
[GW231029_111508-v1]  GPS=1382613326.8
  Skipping – H1 or L1 not available on GWOSC
[GW231102_052214-v1]  GPS=1382937752.4
[GW231102_071736-v1]  GPS=1382944674.4
[GW231102_232433-v1]  GPS=1383002691.5
[GW231104_133418-v1]  GPS=1383140076.9
[GW231108_125142-v1]  GPS=1383483120.5
[GW231110_040320-v1]  GPS=1383624218.2
[GW231113_122623-v1]  GPS=1383913601.9
[GW231113_150041-v1]  GPS=1383922859.4
[GW231113_200417-v1]  GPS=1383941075.9
[GW231114_043211-v1]  GPS=1383971549.2
  Failed: 502 Server Error: Proxy Error for url: https://gwosc.org/api/v2/event-versions?min-gps-time=1383971533&max-gps-time=1383975662
[GW231118_005626-v1]  GPS=1384304204.8
[GW231118_071402-v1]  GPS=1384326860.2
[GW231118_090602-v1]  GPS=1384333580.0
  Failed: HTTP Error 502: Proxy Error
[GW231119_075248-v1]  GPS=1384415586.1
[GW231120_022103-v1]  GPS=1384482081.0
[GW231123_135430-v1]  GPS=1384782888.6
[GW231123_135430-v2]  GPS=1384782888.7
[GW231126_010928-v1]  GPS=1384996186.3
[GW231127_165300-v1]  GPS=1385139198.9
[GW231129_081745-v1]  GPS=1385281083.6
[GW231204_090648-v1]  GPS=1385716026.9
[GW231206_010629-v1]  GPS=1385860007.2
[GW231206_233134-v1]  GPS=1385940712.5
[GW231206_233901-v1]  GPS=1385941159.5
[GW231213_111417-v1]  GPS=1386501275.9
[GW231221_135041-v1]  GPS=1387201859.3
[GW231223_032836-v1]  GPS=1387337334.1
[GW231223_075055-v1]  GPS=1387353073.3
[GW231223_202619-v1]  GPS=1387398397.0
[GW231224_024321-v1]  GPS=1387421020.0
[GW231226_101520-v1]  GPS=1387620938.3
[GW231230_170116-v1]  GPS=1387990895.0
[GW231231_120147-v1]  GPS=1388059325.6
[GW231231_154016-v1]  GPS=1388072434.7
[GW240104_164932-v1]  GPS=1388422190.6
[GW240105_151143-v1]  GPS=1388502721.2
  Skipping – H1 or L1 not available on GWOSC
[GW240107_013215-v1]  GPS=1388626353.7
[GW240109_050431-v1]  GPS=1388811889.8
  Skipping – H1 or L1 not available on GWOSC
[GW241011_233834-v1]  GPS=1412725132.9
  Skipping – H1 or L1 not available on GWOSC
[GW241110_124123-v1]  GPS=1415277701.7
[GW250114_082203-v1]  GPS=1420878141.2

Combined → /home/modified/repo/Msci-GW/HPC/Pipeline/Real Data/pt/o4_all_events_2s_real.pt  (15117 KB)
  X shape     : (118, 2, 8192)
  splits      : train=0, val=0, test=118
────────────────────────────────────────────────────────────
Processed : 118   Skipped : 11   Failed : 3
  skipped: ['GW230529_181500-v1', 'GW230529_181500-v2', 'GW230531_141100-v1', 'GW230704_021211-v1', 'GW230712_090405-v1', 'GW230914_111401-v1', 'GW230927_153832-v1', 'GW231029_111508-v1', 'GW240105_151143-v1', 'GW240109_050431-v1', 'GW241011_233834-v1']
  failed : ['GW230822_230337-v1', 'GW231114_043211-v1', 'GW231118_090602-v1']
